// Jest Snapshot v1, https://goo.gl/fbAQLP

exports[`Input renders correctly 1`] = `
<div
  class="cat-input-wrapper cat-input-wrapper--line cat-input-wrapper--default"
>
  <span
    class="cat-input-wrapper-border cat-input-wrapper-border--line cat-input-wrapper-border--default"
  />
  <input
    class="cat-input"
    placeholder=""
    type="text"
    value=""
  />
  <span
    class="cat-input-icon"
  />
</div>
`;
