// Jest Snapshot v1, https://goo.gl/fbAQLP

exports[`Modal renders correctly 1`] = `
<Modal
  cancelText="Cancel"
  destroyOnClose={false}
  mask={true}
  noCloseIcon={false}
  okText="Confirm"
  prefix="cat"
  title="title"
  visible={false}
  width={428}
>
  <PurePortal
    selector="body"
  >
    <Portal
      containerInfo={
        <body>
          <div
            class="cat-modal-container cat-modal-container-appear cat-modal-container-appear-active"
          >
            <div
              class="cat-modal__mask"
            />
            <div
              class="cat-modal__modal-wrapper"
            >
              <div
                class="cat-modal"
                style="width: 428px; transform: translate(-50%, -50%);"
              >
                <div
                  class="cat-modal__header"
                >
                  title
                  <div
                    class="cat-modal__close"
                  >
                    <i
                      class="cat-icon cat-icon-close"
                    />
                  </div>
                </div>
                <div
                  class="cat-modal__body"
                >
                  content
                </div>
                <div
                  class="cat-modal__footer"
                >
                  <button
                    class="cat-button cat-button--default cat-button--square cat-button--md cat-button--padding-md"
                    type="button"
                  >
                    <span
                      class="cat-button__children"
                    >
                      Cancel
                    </span>
                  </button>
                  <button
                    class="cat-button cat-button--primary cat-button--square cat-button--md cat-button--padding-md cat-modal__footer-confirm"
                    type="button"
                  >
                    <span
                      class="cat-button__children"
                    >
                      Confirm
                    </span>
                  </button>
                </div>
              </div>
            </div>
          </div>
          <div
            class="cat-modal-container cat-modal-container-appear cat-modal-container-appear-active"
          >
            <div
              class="cat-modal__modal-wrapper"
            >
              <div
                class="cat-modal"
                style="width: 428px; transform: translate(-50%, -50%);"
              >
                <div
                  class="cat-modal__header"
                >
                  title
                  <div
                    class="cat-modal__close"
                  >
                    <i
                      class="cat-icon cat-icon-close"
                    />
                  </div>
                </div>
                <div
                  class="cat-modal__body"
                >
                  content
                </div>
                <div
                  class="cat-modal__footer"
                >
                  <button
                    class="cat-button cat-button--default cat-button--square cat-button--md cat-button--padding-md"
                    type="button"
                  >
                    <span
                      class="cat-button__children"
                    >
                      Cancel
                    </span>
                  </button>
                  <button
                    class="cat-button cat-button--primary cat-button--square cat-button--md cat-button--padding-md cat-modal__footer-confirm"
                    type="button"
                  >
                    <span
                      class="cat-button__children"
                    >
                      Confirm
                    </span>
                  </button>
                </div>
              </div>
            </div>
          </div>
          <div
            class="cat-modal-container cat-modal-container-appear cat-modal-container-appear-active"
          >
            <div
              class="cat-modal__mask"
            />
            <div
              class="cat-modal__modal-wrapper"
            >
              <div
                class="cat-modal"
                style="width: 428px; transform: translate(-50%, -50%);"
              >
                <div
                  class="cat-modal__header"
                >
                  title
                  <div
                    class="cat-modal__close"
                  >
                    <i
                      class="cat-icon cat-icon-close"
                    />
                  </div>
                </div>
                <div
                  class="cat-modal__body"
                >
                  content
                </div>
                <div
                  class="cat-modal__footer"
                >
                  <div>
                    footer
                  </div>
                </div>
              </div>
            </div>
          </div>
          <div
            class="cat-modal-container cat-modal-container-appear cat-modal-container-appear-active"
          >
            <div
              class="cat-modal__mask"
            />
            <div
              class="cat-modal__modal-wrapper"
            >
              <div
                class="cat-modal"
                style="width: 428px; transform: translate(-50%, -50%);"
              >
                <div
                  class="cat-modal__header"
                >
                  title
                </div>
                <div
                  class="cat-modal__body"
                >
                  content
                </div>
                <div
                  class="cat-modal__footer"
                >
                  <button
                    class="cat-button cat-button--default cat-button--square cat-button--md cat-button--padding-md"
                    type="button"
                  >
                    <span
                      class="cat-button__children"
                    >
                      Cancel
                    </span>
                  </button>
                  <button
                    class="cat-button cat-button--primary cat-button--square cat-button--md cat-button--padding-md cat-modal__footer-confirm"
                    type="button"
                  >
                    <span
                      class="cat-button__children"
                    >
                      Confirm
                    </span>
                  </button>
                </div>
              </div>
            </div>
          </div>
          <div
            class="cat-modal-container cat-modal-container-appear cat-modal-container-appear-active"
          >
            <div
              class="cat-modal__mask"
            />
            <div
              class="cat-modal__modal-wrapper"
            >
              <div
                class="cat-modal"
                style="width: 428px; transform: translate(-50%, -50%);"
              >
                <div
                  class="cat-modal__body"
                >
                  content
                </div>
                <div
                  class="cat-modal__footer"
                >
                  <button
                    class="cat-button cat-button--default cat-button--square cat-button--md cat-button--padding-md"
                    type="button"
                  >
                    <span
                      class="cat-button__children"
                    >
                      Cancel
                    </span>
                  </button>
                  <button
                    class="cat-button cat-button--primary cat-button--square cat-button--md cat-button--padding-md cat-modal__footer-confirm"
                    type="button"
                  >
                    <span
                      class="cat-button__children"
                    >
                      Confirm
                    </span>
                  </button>
                </div>
              </div>
            </div>
          </div>
          <div
            class="cat-modal-container cat-modal-container-appear cat-modal-container-appear-active"
          >
            <div
              class="cat-modal__mask"
            />
            <div
              class="cat-modal__modal-wrapper"
            >
              <div
                class="cat-modal"
                style="width: 500px; transform: translate(-50%, -50%);"
              >
                <div
                  class="cat-modal__body"
                >
                  content
                </div>
                <div
                  class="cat-modal__footer"
                >
                  <button
                    class="cat-button cat-button--default cat-button--square cat-button--md cat-button--padding-md"
                    type="button"
                  >
                    <span
                      class="cat-button__children"
                    >
                      Cancel
                    </span>
                  </button>
                  <button
                    class="cat-button cat-button--primary cat-button--square cat-button--md cat-button--padding-md cat-modal__footer-confirm"
                    type="button"
                  >
                    <span
                      class="cat-button__children"
                    >
                      Confirm
                    </span>
                  </button>
                </div>
              </div>
            </div>
          </div>
        </body>
      }
    >
      <CSSTransition
        appear={true}
        classNames="cat-modal-container"
        in={false}
        mountOnEnter={true}
        timeout={300}
        unmountOnExit={false}
      >
        <Transition
          appear={true}
          enter={true}
          exit={true}
          in={false}
          mountOnEnter={true}
          onEnter={[Function]}
          onEntered={[Function]}
          onEntering={[Function]}
          onExit={[Function]}
          onExited={[Function]}
          onExiting={[Function]}
          timeout={300}
          unmountOnExit={false}
        />
      </CSSTransition>
    </Portal>
  </PurePortal>
</Modal>
`;

exports[`Modal renders correctly 2`] = `
<Modal
  cancelText="Cancel"
  destroyOnClose={false}
  mask={true}
  noCloseIcon={false}
  okText="Confirm"
  prefix="cat"
  title="title"
  visible={true}
  width={428}
>
  <PurePortal
    selector="body"
  >
    <Portal
      containerInfo={
        <body>
          <div
            class="cat-modal-container cat-modal-container-appear cat-modal-container-appear-active"
          >
            <div
              class="cat-modal__mask"
            />
            <div
              class="cat-modal__modal-wrapper"
            >
              <div
                class="cat-modal"
                style="width: 428px; transform: translate(-50%, -50%);"
              >
                <div
                  class="cat-modal__header"
                >
                  title
                  <div
                    class="cat-modal__close"
                  >
                    <i
                      class="cat-icon cat-icon-close"
                    />
                  </div>
                </div>
                <div
                  class="cat-modal__body"
                >
                  content
                </div>
                <div
                  class="cat-modal__footer"
                >
                  <button
                    class="cat-button cat-button--default cat-button--square cat-button--md cat-button--padding-md"
                    type="button"
                  >
                    <span
                      class="cat-button__children"
                    >
                      Cancel
                    </span>
                  </button>
                  <button
                    class="cat-button cat-button--primary cat-button--square cat-button--md cat-button--padding-md cat-modal__footer-confirm"
                    type="button"
                  >
                    <span
                      class="cat-button__children"
                    >
                      Confirm
                    </span>
                  </button>
                </div>
              </div>
            </div>
          </div>
          <div
            class="cat-modal-container cat-modal-container-appear cat-modal-container-appear-active"
          >
            <div
              class="cat-modal__modal-wrapper"
            >
              <div
                class="cat-modal"
                style="width: 428px; transform: translate(-50%, -50%);"
              >
                <div
                  class="cat-modal__header"
                >
                  title
                  <div
                    class="cat-modal__close"
                  >
                    <i
                      class="cat-icon cat-icon-close"
                    />
                  </div>
                </div>
                <div
                  class="cat-modal__body"
                >
                  content
                </div>
                <div
                  class="cat-modal__footer"
                >
                  <button
                    class="cat-button cat-button--default cat-button--square cat-button--md cat-button--padding-md"
                    type="button"
                  >
                    <span
                      class="cat-button__children"
                    >
                      Cancel
                    </span>
                  </button>
                  <button
                    class="cat-button cat-button--primary cat-button--square cat-button--md cat-button--padding-md cat-modal__footer-confirm"
                    type="button"
                  >
                    <span
                      class="cat-button__children"
                    >
                      Confirm
                    </span>
                  </button>
                </div>
              </div>
            </div>
          </div>
          <div
            class="cat-modal-container cat-modal-container-appear cat-modal-container-appear-active"
          >
            <div
              class="cat-modal__mask"
            />
            <div
              class="cat-modal__modal-wrapper"
            >
              <div
                class="cat-modal"
                style="width: 428px; transform: translate(-50%, -50%);"
              >
                <div
                  class="cat-modal__header"
                >
                  title
                  <div
                    class="cat-modal__close"
                  >
                    <i
                      class="cat-icon cat-icon-close"
                    />
                  </div>
                </div>
                <div
                  class="cat-modal__body"
                >
                  content
                </div>
                <div
                  class="cat-modal__footer"
                >
                  <div>
                    footer
                  </div>
                </div>
              </div>
            </div>
          </div>
          <div
            class="cat-modal-container cat-modal-container-appear cat-modal-container-appear-active"
          >
            <div
              class="cat-modal__mask"
            />
            <div
              class="cat-modal__modal-wrapper"
            >
              <div
                class="cat-modal"
                style="width: 428px; transform: translate(-50%, -50%);"
              >
                <div
                  class="cat-modal__header"
                >
                  title
                </div>
                <div
                  class="cat-modal__body"
                >
                  content
                </div>
                <div
                  class="cat-modal__footer"
                >
                  <button
                    class="cat-button cat-button--default cat-button--square cat-button--md cat-button--padding-md"
                    type="button"
                  >
                    <span
                      class="cat-button__children"
                    >
                      Cancel
                    </span>
                  </button>
                  <button
                    class="cat-button cat-button--primary cat-button--square cat-button--md cat-button--padding-md cat-modal__footer-confirm"
                    type="button"
                  >
                    <span
                      class="cat-button__children"
                    >
                      Confirm
                    </span>
                  </button>
                </div>
              </div>
            </div>
          </div>
          <div
            class="cat-modal-container cat-modal-container-appear cat-modal-container-appear-active"
          >
            <div
              class="cat-modal__mask"
            />
            <div
              class="cat-modal__modal-wrapper"
            >
              <div
                class="cat-modal"
                style="width: 428px; transform: translate(-50%, -50%);"
              >
                <div
                  class="cat-modal__body"
                >
                  content
                </div>
                <div
                  class="cat-modal__footer"
                >
                  <button
                    class="cat-button cat-button--default cat-button--square cat-button--md cat-button--padding-md"
                    type="button"
                  >
                    <span
                      class="cat-button__children"
                    >
                      Cancel
                    </span>
                  </button>
                  <button
                    class="cat-button cat-button--primary cat-button--square cat-button--md cat-button--padding-md cat-modal__footer-confirm"
                    type="button"
                  >
                    <span
                      class="cat-button__children"
                    >
                      Confirm
                    </span>
                  </button>
                </div>
              </div>
            </div>
          </div>
          <div
            class="cat-modal-container cat-modal-container-appear cat-modal-container-appear-active"
          >
            <div
              class="cat-modal__mask"
            />
            <div
              class="cat-modal__modal-wrapper"
            >
              <div
                class="cat-modal"
                style="width: 500px; transform: translate(-50%, -50%);"
              >
                <div
                  class="cat-modal__body"
                >
                  content
                </div>
                <div
                  class="cat-modal__footer"
                >
                  <button
                    class="cat-button cat-button--default cat-button--square cat-button--md cat-button--padding-md"
                    type="button"
                  >
                    <span
                      class="cat-button__children"
                    >
                      Cancel
                    </span>
                  </button>
                  <button
                    class="cat-button cat-button--primary cat-button--square cat-button--md cat-button--padding-md cat-modal__footer-confirm"
                    type="button"
                  >
                    <span
                      class="cat-button__children"
                    >
                      Confirm
                    </span>
                  </button>
                </div>
              </div>
            </div>
          </div>
        </body>
      }
    >
      <CSSTransition
        appear={true}
        classNames="cat-modal-container"
        in={true}
        mountOnEnter={true}
        timeout={300}
        unmountOnExit={false}
      >
        <Transition
          appear={true}
          enter={true}
          exit={true}
          in={true}
          mountOnEnter={true}
          onEnter={[Function]}
          onEntered={[Function]}
          onEntering={[Function]}
          onExit={[Function]}
          onExited={[Function]}
          onExiting={[Function]}
          timeout={300}
          unmountOnExit={false}
        >
          <div
            className="cat-modal-container"
          >
            <div
              className="cat-modal__mask"
            />
            <div
              className="cat-modal__modal-wrapper"
              onClick={[Function]}
            >
              <div
                className="cat-modal"
                onClick={[Function]}
                style={
                  Object {
                    "transform": "translate(-50%, -50%)",
                    "width": 428,
                  }
                }
              >
                <div
                  className="cat-modal__header"
                >
                  title
                  <div
                    className="cat-modal__close"
                  >
                    <Icon
                      onClick={[Function]}
                      type="close"
                    >
                      <i
                        className="cat-icon cat-icon-close"
                        onClick={[Function]}
                      />
                    </Icon>
                  </div>
                </div>
                <div
                  className="cat-modal__body"
                >
                  content
                </div>
                <div
                  className="cat-modal__footer"
                >
                  <Button
                    block={false}
                    disabled={false}
                    htmlType="button"
                    loading={false}
                    onClick={[Function]}
                    prefix="cat"
                    shape="square"
                    size="md"
                    type="default"
                  >
                    <button
                      className="cat-button cat-button--default cat-button--square cat-button--md cat-button--padding-md"
                      disabled={false}
                      onClick={[Function]}
                      style={Object {}}
                      type="button"
                    >
                      <span
                        className="cat-button__children"
                      >
                        Cancel
                      </span>
                    </button>
                  </Button>
                  <Button
                    block={false}
                    className="cat-modal__footer-confirm"
                    disabled={false}
                    htmlType="button"
                    loading={false}
                    onClick={[Function]}
                    prefix="cat"
                    shape="square"
                    size="md"
                    type="primary"
                  >
                    <button
                      className="cat-button cat-button--primary cat-button--square cat-button--md cat-button--padding-md cat-modal__footer-confirm"
                      disabled={false}
                      onClick={[Function]}
                      style={Object {}}
                      type="button"
                    >
                      <span
                        className="cat-button__children"
                      >
                        Confirm
                      </span>
                    </button>
                  </Button>
                </div>
              </div>
            </div>
          </div>
        </Transition>
      </CSSTransition>
    </Portal>
  </PurePortal>
</Modal>
`;

exports[`Modal renders correctly 3`] = `
<Modal
  cancelText="Cancel"
  destroyOnClose={false}
  mask={false}
  noCloseIcon={false}
  okText="Confirm"
  prefix="cat"
  title="title"
  visible={true}
  width={428}
>
  <PurePortal
    selector="body"
  >
    <Portal
      containerInfo={
        <body>
          <div
            class="cat-modal-container cat-modal-container-appear cat-modal-container-appear-active"
          >
            <div
              class="cat-modal__mask"
            />
            <div
              class="cat-modal__modal-wrapper"
            >
              <div
                class="cat-modal"
                style="width: 428px; transform: translate(-50%, -50%);"
              >
                <div
                  class="cat-modal__header"
                >
                  title
                  <div
                    class="cat-modal__close"
                  >
                    <i
                      class="cat-icon cat-icon-close"
                    />
                  </div>
                </div>
                <div
                  class="cat-modal__body"
                >
                  content
                </div>
                <div
                  class="cat-modal__footer"
                >
                  <button
                    class="cat-button cat-button--default cat-button--square cat-button--md cat-button--padding-md"
                    type="button"
                  >
                    <span
                      class="cat-button__children"
                    >
                      Cancel
                    </span>
                  </button>
                  <button
                    class="cat-button cat-button--primary cat-button--square cat-button--md cat-button--padding-md cat-modal__footer-confirm"
                    type="button"
                  >
                    <span
                      class="cat-button__children"
                    >
                      Confirm
                    </span>
                  </button>
                </div>
              </div>
            </div>
          </div>
          <div
            class="cat-modal-container cat-modal-container-appear cat-modal-container-appear-active"
          >
            <div
              class="cat-modal__modal-wrapper"
            >
              <div
                class="cat-modal"
                style="width: 428px; transform: translate(-50%, -50%);"
              >
                <div
                  class="cat-modal__header"
                >
                  title
                  <div
                    class="cat-modal__close"
                  >
                    <i
                      class="cat-icon cat-icon-close"
                    />
                  </div>
                </div>
                <div
                  class="cat-modal__body"
                >
                  content
                </div>
                <div
                  class="cat-modal__footer"
                >
                  <button
                    class="cat-button cat-button--default cat-button--square cat-button--md cat-button--padding-md"
                    type="button"
                  >
                    <span
                      class="cat-button__children"
                    >
                      Cancel
                    </span>
                  </button>
                  <button
                    class="cat-button cat-button--primary cat-button--square cat-button--md cat-button--padding-md cat-modal__footer-confirm"
                    type="button"
                  >
                    <span
                      class="cat-button__children"
                    >
                      Confirm
                    </span>
                  </button>
                </div>
              </div>
            </div>
          </div>
          <div
            class="cat-modal-container cat-modal-container-appear cat-modal-container-appear-active"
          >
            <div
              class="cat-modal__mask"
            />
            <div
              class="cat-modal__modal-wrapper"
            >
              <div
                class="cat-modal"
                style="width: 428px; transform: translate(-50%, -50%);"
              >
                <div
                  class="cat-modal__header"
                >
                  title
                  <div
                    class="cat-modal__close"
                  >
                    <i
                      class="cat-icon cat-icon-close"
                    />
                  </div>
                </div>
                <div
                  class="cat-modal__body"
                >
                  content
                </div>
                <div
                  class="cat-modal__footer"
                >
                  <div>
                    footer
                  </div>
                </div>
              </div>
            </div>
          </div>
          <div
            class="cat-modal-container cat-modal-container-appear cat-modal-container-appear-active"
          >
            <div
              class="cat-modal__mask"
            />
            <div
              class="cat-modal__modal-wrapper"
            >
              <div
                class="cat-modal"
                style="width: 428px; transform: translate(-50%, -50%);"
              >
                <div
                  class="cat-modal__header"
                >
                  title
                </div>
                <div
                  class="cat-modal__body"
                >
                  content
                </div>
                <div
                  class="cat-modal__footer"
                >
                  <button
                    class="cat-button cat-button--default cat-button--square cat-button--md cat-button--padding-md"
                    type="button"
                  >
                    <span
                      class="cat-button__children"
                    >
                      Cancel
                    </span>
                  </button>
                  <button
                    class="cat-button cat-button--primary cat-button--square cat-button--md cat-button--padding-md cat-modal__footer-confirm"
                    type="button"
                  >
                    <span
                      class="cat-button__children"
                    >
                      Confirm
                    </span>
                  </button>
                </div>
              </div>
            </div>
          </div>
          <div
            class="cat-modal-container cat-modal-container-appear cat-modal-container-appear-active"
          >
            <div
              class="cat-modal__mask"
            />
            <div
              class="cat-modal__modal-wrapper"
            >
              <div
                class="cat-modal"
                style="width: 428px; transform: translate(-50%, -50%);"
              >
                <div
                  class="cat-modal__body"
                >
                  content
                </div>
                <div
                  class="cat-modal__footer"
                >
                  <button
                    class="cat-button cat-button--default cat-button--square cat-button--md cat-button--padding-md"
                    type="button"
                  >
                    <span
                      class="cat-button__children"
                    >
                      Cancel
                    </span>
                  </button>
                  <button
                    class="cat-button cat-button--primary cat-button--square cat-button--md cat-button--padding-md cat-modal__footer-confirm"
                    type="button"
                  >
                    <span
                      class="cat-button__children"
                    >
                      Confirm
                    </span>
                  </button>
                </div>
              </div>
            </div>
          </div>
          <div
            class="cat-modal-container cat-modal-container-appear cat-modal-container-appear-active"
          >
            <div
              class="cat-modal__mask"
            />
            <div
              class="cat-modal__modal-wrapper"
            >
              <div
                class="cat-modal"
                style="width: 500px; transform: translate(-50%, -50%);"
              >
                <div
                  class="cat-modal__body"
                >
                  content
                </div>
                <div
                  class="cat-modal__footer"
                >
                  <button
                    class="cat-button cat-button--default cat-button--square cat-button--md cat-button--padding-md"
                    type="button"
                  >
                    <span
                      class="cat-button__children"
                    >
                      Cancel
                    </span>
                  </button>
                  <button
                    class="cat-button cat-button--primary cat-button--square cat-button--md cat-button--padding-md cat-modal__footer-confirm"
                    type="button"
                  >
                    <span
                      class="cat-button__children"
                    >
                      Confirm
                    </span>
                  </button>
                </div>
              </div>
            </div>
          </div>
        </body>
      }
    >
      <CSSTransition
        appear={true}
        classNames="cat-modal-container"
        in={true}
        mountOnEnter={true}
        timeout={300}
        unmountOnExit={false}
      >
        <Transition
          appear={true}
          enter={true}
          exit={true}
          in={true}
          mountOnEnter={true}
          onEnter={[Function]}
          onEntered={[Function]}
          onEntering={[Function]}
          onExit={[Function]}
          onExited={[Function]}
          onExiting={[Function]}
          timeout={300}
          unmountOnExit={false}
        >
          <div
            className="cat-modal-container"
          >
            <div
              className="cat-modal__modal-wrapper"
              onClick={[Function]}
            >
              <div
                className="cat-modal"
                onClick={[Function]}
                style={
                  Object {
                    "transform": "translate(-50%, -50%)",
                    "width": 428,
                  }
                }
              >
                <div
                  className="cat-modal__header"
                >
                  title
                  <div
                    className="cat-modal__close"
                  >
                    <Icon
                      onClick={[Function]}
                      type="close"
                    >
                      <i
                        className="cat-icon cat-icon-close"
                        onClick={[Function]}
                      />
                    </Icon>
                  </div>
                </div>
                <div
                  className="cat-modal__body"
                >
                  content
                </div>
                <div
                  className="cat-modal__footer"
                >
                  <Button
                    block={false}
                    disabled={false}
                    htmlType="button"
                    loading={false}
                    onClick={[Function]}
                    prefix="cat"
                    shape="square"
                    size="md"
                    type="default"
                  >
                    <button
                      className="cat-button cat-button--default cat-button--square cat-button--md cat-button--padding-md"
                      disabled={false}
                      onClick={[Function]}
                      style={Object {}}
                      type="button"
                    >
                      <span
                        className="cat-button__children"
                      >
                        Cancel
                      </span>
                    </button>
                  </Button>
                  <Button
                    block={false}
                    className="cat-modal__footer-confirm"
                    disabled={false}
                    htmlType="button"
                    loading={false}
                    onClick={[Function]}
                    prefix="cat"
                    shape="square"
                    size="md"
                    type="primary"
                  >
                    <button
                      className="cat-button cat-button--primary cat-button--square cat-button--md cat-button--padding-md cat-modal__footer-confirm"
                      disabled={false}
                      onClick={[Function]}
                      style={Object {}}
                      type="button"
                    >
                      <span
                        className="cat-button__children"
                      >
                        Confirm
                      </span>
                    </button>
                  </Button>
                </div>
              </div>
            </div>
          </div>
        </Transition>
      </CSSTransition>
    </Portal>
  </PurePortal>
</Modal>
`;

exports[`Modal renders correctly 4`] = `
<Modal
  cancelText="Cancel"
  destroyOnClose={false}
  footer={
    <div>
      footer
    </div>
  }
  mask={true}
  noCloseIcon={false}
  okText="Confirm"
  prefix="cat"
  title="title"
  visible={true}
  width={428}
>
  <PurePortal
    selector="body"
  >
    <Portal
      containerInfo={
        <body>
          <div
            class="cat-modal-container cat-modal-container-appear cat-modal-container-appear-active"
          >
            <div
              class="cat-modal__mask"
            />
            <div
              class="cat-modal__modal-wrapper"
            >
              <div
                class="cat-modal"
                style="width: 428px; transform: translate(-50%, -50%);"
              >
                <div
                  class="cat-modal__header"
                >
                  title
                  <div
                    class="cat-modal__close"
                  >
                    <i
                      class="cat-icon cat-icon-close"
                    />
                  </div>
                </div>
                <div
                  class="cat-modal__body"
                >
                  content
                </div>
                <div
                  class="cat-modal__footer"
                >
                  <button
                    class="cat-button cat-button--default cat-button--square cat-button--md cat-button--padding-md"
                    type="button"
                  >
                    <span
                      class="cat-button__children"
                    >
                      Cancel
                    </span>
                  </button>
                  <button
                    class="cat-button cat-button--primary cat-button--square cat-button--md cat-button--padding-md cat-modal__footer-confirm"
                    type="button"
                  >
                    <span
                      class="cat-button__children"
                    >
                      Confirm
                    </span>
                  </button>
                </div>
              </div>
            </div>
          </div>
          <div
            class="cat-modal-container cat-modal-container-appear cat-modal-container-appear-active"
          >
            <div
              class="cat-modal__modal-wrapper"
            >
              <div
                class="cat-modal"
                style="width: 428px; transform: translate(-50%, -50%);"
              >
                <div
                  class="cat-modal__header"
                >
                  title
                  <div
                    class="cat-modal__close"
                  >
                    <i
                      class="cat-icon cat-icon-close"
                    />
                  </div>
                </div>
                <div
                  class="cat-modal__body"
                >
                  content
                </div>
                <div
                  class="cat-modal__footer"
                >
                  <button
                    class="cat-button cat-button--default cat-button--square cat-button--md cat-button--padding-md"
                    type="button"
                  >
                    <span
                      class="cat-button__children"
                    >
                      Cancel
                    </span>
                  </button>
                  <button
                    class="cat-button cat-button--primary cat-button--square cat-button--md cat-button--padding-md cat-modal__footer-confirm"
                    type="button"
                  >
                    <span
                      class="cat-button__children"
                    >
                      Confirm
                    </span>
                  </button>
                </div>
              </div>
            </div>
          </div>
          <div
            class="cat-modal-container cat-modal-container-appear cat-modal-container-appear-active"
          >
            <div
              class="cat-modal__mask"
            />
            <div
              class="cat-modal__modal-wrapper"
            >
              <div
                class="cat-modal"
                style="width: 428px; transform: translate(-50%, -50%);"
              >
                <div
                  class="cat-modal__header"
                >
                  title
                  <div
                    class="cat-modal__close"
                  >
                    <i
                      class="cat-icon cat-icon-close"
                    />
                  </div>
                </div>
                <div
                  class="cat-modal__body"
                >
                  content
                </div>
                <div
                  class="cat-modal__footer"
                >
                  <div>
                    footer
                  </div>
                </div>
              </div>
            </div>
          </div>
          <div
            class="cat-modal-container cat-modal-container-appear cat-modal-container-appear-active"
          >
            <div
              class="cat-modal__mask"
            />
            <div
              class="cat-modal__modal-wrapper"
            >
              <div
                class="cat-modal"
                style="width: 428px; transform: translate(-50%, -50%);"
              >
                <div
                  class="cat-modal__header"
                >
                  title
                </div>
                <div
                  class="cat-modal__body"
                >
                  content
                </div>
                <div
                  class="cat-modal__footer"
                >
                  <button
                    class="cat-button cat-button--default cat-button--square cat-button--md cat-button--padding-md"
                    type="button"
                  >
                    <span
                      class="cat-button__children"
                    >
                      Cancel
                    </span>
                  </button>
                  <button
                    class="cat-button cat-button--primary cat-button--square cat-button--md cat-button--padding-md cat-modal__footer-confirm"
                    type="button"
                  >
                    <span
                      class="cat-button__children"
                    >
                      Confirm
                    </span>
                  </button>
                </div>
              </div>
            </div>
          </div>
          <div
            class="cat-modal-container cat-modal-container-appear cat-modal-container-appear-active"
          >
            <div
              class="cat-modal__mask"
            />
            <div
              class="cat-modal__modal-wrapper"
            >
              <div
                class="cat-modal"
                style="width: 428px; transform: translate(-50%, -50%);"
              >
                <div
                  class="cat-modal__body"
                >
                  content
                </div>
                <div
                  class="cat-modal__footer"
                >
                  <button
                    class="cat-button cat-button--default cat-button--square cat-button--md cat-button--padding-md"
                    type="button"
                  >
                    <span
                      class="cat-button__children"
                    >
                      Cancel
                    </span>
                  </button>
                  <button
                    class="cat-button cat-button--primary cat-button--square cat-button--md cat-button--padding-md cat-modal__footer-confirm"
                    type="button"
                  >
                    <span
                      class="cat-button__children"
                    >
                      Confirm
                    </span>
                  </button>
                </div>
              </div>
            </div>
          </div>
          <div
            class="cat-modal-container cat-modal-container-appear cat-modal-container-appear-active"
          >
            <div
              class="cat-modal__mask"
            />
            <div
              class="cat-modal__modal-wrapper"
            >
              <div
                class="cat-modal"
                style="width: 500px; transform: translate(-50%, -50%);"
              >
                <div
                  class="cat-modal__body"
                >
                  content
                </div>
                <div
                  class="cat-modal__footer"
                >
                  <button
                    class="cat-button cat-button--default cat-button--square cat-button--md cat-button--padding-md"
                    type="button"
                  >
                    <span
                      class="cat-button__children"
                    >
                      Cancel
                    </span>
                  </button>
                  <button
                    class="cat-button cat-button--primary cat-button--square cat-button--md cat-button--padding-md cat-modal__footer-confirm"
                    type="button"
                  >
                    <span
                      class="cat-button__children"
                    >
                      Confirm
                    </span>
                  </button>
                </div>
              </div>
            </div>
          </div>
        </body>
      }
    >
      <CSSTransition
        appear={true}
        classNames="cat-modal-container"
        in={true}
        mountOnEnter={true}
        timeout={300}
        unmountOnExit={false}
      >
        <Transition
          appear={true}
          enter={true}
          exit={true}
          in={true}
          mountOnEnter={true}
          onEnter={[Function]}
          onEntered={[Function]}
          onEntering={[Function]}
          onExit={[Function]}
          onExited={[Function]}
          onExiting={[Function]}
          timeout={300}
          unmountOnExit={false}
        >
          <div
            className="cat-modal-container"
          >
            <div
              className="cat-modal__mask"
            />
            <div
              className="cat-modal__modal-wrapper"
              onClick={[Function]}
            >
              <div
                className="cat-modal"
                onClick={[Function]}
                style={
                  Object {
                    "transform": "translate(-50%, -50%)",
                    "width": 428,
                  }
                }
              >
                <div
                  className="cat-modal__header"
                >
                  title
                  <div
                    className="cat-modal__close"
                  >
                    <Icon
                      onClick={[Function]}
                      type="close"
                    >
                      <i
                        className="cat-icon cat-icon-close"
                        onClick={[Function]}
                      />
                    </Icon>
                  </div>
                </div>
                <div
                  className="cat-modal__body"
                >
                  content
                </div>
                <div
                  className="cat-modal__footer"
                >
                  <div>
                    footer
                  </div>
                </div>
              </div>
            </div>
          </div>
        </Transition>
      </CSSTransition>
    </Portal>
  </PurePortal>
</Modal>
`;

exports[`Modal renders correctly 5`] = `
<Modal
  cancelText="Cancel"
  destroyOnClose={false}
  mask={true}
  noCloseIcon={true}
  okText="Confirm"
  prefix="cat"
  title="title"
  visible={true}
  width={428}
>
  <PurePortal
    selector="body"
  >
    <Portal
      containerInfo={
        <body>
          <div
            class="cat-modal-container cat-modal-container-appear cat-modal-container-appear-active"
          >
            <div
              class="cat-modal__mask"
            />
            <div
              class="cat-modal__modal-wrapper"
            >
              <div
                class="cat-modal"
                style="width: 428px; transform: translate(-50%, -50%);"
              >
                <div
                  class="cat-modal__header"
                >
                  title
                  <div
                    class="cat-modal__close"
                  >
                    <i
                      class="cat-icon cat-icon-close"
                    />
                  </div>
                </div>
                <div
                  class="cat-modal__body"
                >
                  content
                </div>
                <div
                  class="cat-modal__footer"
                >
                  <button
                    class="cat-button cat-button--default cat-button--square cat-button--md cat-button--padding-md"
                    type="button"
                  >
                    <span
                      class="cat-button__children"
                    >
                      Cancel
                    </span>
                  </button>
                  <button
                    class="cat-button cat-button--primary cat-button--square cat-button--md cat-button--padding-md cat-modal__footer-confirm"
                    type="button"
                  >
                    <span
                      class="cat-button__children"
                    >
                      Confirm
                    </span>
                  </button>
                </div>
              </div>
            </div>
          </div>
          <div
            class="cat-modal-container cat-modal-container-appear cat-modal-container-appear-active"
          >
            <div
              class="cat-modal__modal-wrapper"
            >
              <div
                class="cat-modal"
                style="width: 428px; transform: translate(-50%, -50%);"
              >
                <div
                  class="cat-modal__header"
                >
                  title
                  <div
                    class="cat-modal__close"
                  >
                    <i
                      class="cat-icon cat-icon-close"
                    />
                  </div>
                </div>
                <div
                  class="cat-modal__body"
                >
                  content
                </div>
                <div
                  class="cat-modal__footer"
                >
                  <button
                    class="cat-button cat-button--default cat-button--square cat-button--md cat-button--padding-md"
                    type="button"
                  >
                    <span
                      class="cat-button__children"
                    >
                      Cancel
                    </span>
                  </button>
                  <button
                    class="cat-button cat-button--primary cat-button--square cat-button--md cat-button--padding-md cat-modal__footer-confirm"
                    type="button"
                  >
                    <span
                      class="cat-button__children"
                    >
                      Confirm
                    </span>
                  </button>
                </div>
              </div>
            </div>
          </div>
          <div
            class="cat-modal-container cat-modal-container-appear cat-modal-container-appear-active"
          >
            <div
              class="cat-modal__mask"
            />
            <div
              class="cat-modal__modal-wrapper"
            >
              <div
                class="cat-modal"
                style="width: 428px; transform: translate(-50%, -50%);"
              >
                <div
                  class="cat-modal__header"
                >
                  title
                  <div
                    class="cat-modal__close"
                  >
                    <i
                      class="cat-icon cat-icon-close"
                    />
                  </div>
                </div>
                <div
                  class="cat-modal__body"
                >
                  content
                </div>
                <div
                  class="cat-modal__footer"
                >
                  <div>
                    footer
                  </div>
                </div>
              </div>
            </div>
          </div>
          <div
            class="cat-modal-container cat-modal-container-appear cat-modal-container-appear-active"
          >
            <div
              class="cat-modal__mask"
            />
            <div
              class="cat-modal__modal-wrapper"
            >
              <div
                class="cat-modal"
                style="width: 428px; transform: translate(-50%, -50%);"
              >
                <div
                  class="cat-modal__header"
                >
                  title
                </div>
                <div
                  class="cat-modal__body"
                >
                  content
                </div>
                <div
                  class="cat-modal__footer"
                >
                  <button
                    class="cat-button cat-button--default cat-button--square cat-button--md cat-button--padding-md"
                    type="button"
                  >
                    <span
                      class="cat-button__children"
                    >
                      Cancel
                    </span>
                  </button>
                  <button
                    class="cat-button cat-button--primary cat-button--square cat-button--md cat-button--padding-md cat-modal__footer-confirm"
                    type="button"
                  >
                    <span
                      class="cat-button__children"
                    >
                      Confirm
                    </span>
                  </button>
                </div>
              </div>
            </div>
          </div>
          <div
            class="cat-modal-container cat-modal-container-appear cat-modal-container-appear-active"
          >
            <div
              class="cat-modal__mask"
            />
            <div
              class="cat-modal__modal-wrapper"
            >
              <div
                class="cat-modal"
                style="width: 428px; transform: translate(-50%, -50%);"
              >
                <div
                  class="cat-modal__body"
                >
                  content
                </div>
                <div
                  class="cat-modal__footer"
                >
                  <button
                    class="cat-button cat-button--default cat-button--square cat-button--md cat-button--padding-md"
                    type="button"
                  >
                    <span
                      class="cat-button__children"
                    >
                      Cancel
                    </span>
                  </button>
                  <button
                    class="cat-button cat-button--primary cat-button--square cat-button--md cat-button--padding-md cat-modal__footer-confirm"
                    type="button"
                  >
                    <span
                      class="cat-button__children"
                    >
                      Confirm
                    </span>
                  </button>
                </div>
              </div>
            </div>
          </div>
          <div
            class="cat-modal-container cat-modal-container-appear cat-modal-container-appear-active"
          >
            <div
              class="cat-modal__mask"
            />
            <div
              class="cat-modal__modal-wrapper"
            >
              <div
                class="cat-modal"
                style="width: 500px; transform: translate(-50%, -50%);"
              >
                <div
                  class="cat-modal__body"
                >
                  content
                </div>
                <div
                  class="cat-modal__footer"
                >
                  <button
                    class="cat-button cat-button--default cat-button--square cat-button--md cat-button--padding-md"
                    type="button"
                  >
                    <span
                      class="cat-button__children"
                    >
                      Cancel
                    </span>
                  </button>
                  <button
                    class="cat-button cat-button--primary cat-button--square cat-button--md cat-button--padding-md cat-modal__footer-confirm"
                    type="button"
                  >
                    <span
                      class="cat-button__children"
                    >
                      Confirm
                    </span>
                  </button>
                </div>
              </div>
            </div>
          </div>
        </body>
      }
    >
      <CSSTransition
        appear={true}
        classNames="cat-modal-container"
        in={true}
        mountOnEnter={true}
        timeout={300}
        unmountOnExit={false}
      >
        <Transition
          appear={true}
          enter={true}
          exit={true}
          in={true}
          mountOnEnter={true}
          onEnter={[Function]}
          onEntered={[Function]}
          onEntering={[Function]}
          onExit={[Function]}
          onExited={[Function]}
          onExiting={[Function]}
          timeout={300}
          unmountOnExit={false}
        >
          <div
            className="cat-modal-container"
          >
            <div
              className="cat-modal__mask"
            />
            <div
              className="cat-modal__modal-wrapper"
              onClick={[Function]}
            >
              <div
                className="cat-modal"
                onClick={[Function]}
                style={
                  Object {
                    "transform": "translate(-50%, -50%)",
                    "width": 428,
                  }
                }
              >
                <div
                  className="cat-modal__header"
                >
                  title
                </div>
                <div
                  className="cat-modal__body"
                >
                  content
                </div>
                <div
                  className="cat-modal__footer"
                >
                  <Button
                    block={false}
                    disabled={false}
                    htmlType="button"
                    loading={false}
                    onClick={[Function]}
                    prefix="cat"
                    shape="square"
                    size="md"
                    type="default"
                  >
                    <button
                      className="cat-button cat-button--default cat-button--square cat-button--md cat-button--padding-md"
                      disabled={false}
                      onClick={[Function]}
                      style={Object {}}
                      type="button"
                    >
                      <span
                        className="cat-button__children"
                      >
                        Cancel
                      </span>
                    </button>
                  </Button>
                  <Button
                    block={false}
                    className="cat-modal__footer-confirm"
                    disabled={false}
                    htmlType="button"
                    loading={false}
                    onClick={[Function]}
                    prefix="cat"
                    shape="square"
                    size="md"
                    type="primary"
                  >
                    <button
                      className="cat-button cat-button--primary cat-button--square cat-button--md cat-button--padding-md cat-modal__footer-confirm"
                      disabled={false}
                      onClick={[Function]}
                      style={Object {}}
                      type="button"
                    >
                      <span
                        className="cat-button__children"
                      >
                        Confirm
                      </span>
                    </button>
                  </Button>
                </div>
              </div>
            </div>
          </div>
        </Transition>
      </CSSTransition>
    </Portal>
  </PurePortal>
</Modal>
`;

exports[`Modal renders correctly 6`] = `
<Modal
  cancelText="Cancel"
  destroyOnClose={false}
  mask={true}
  noCloseIcon={false}
  okText="Confirm"
  prefix="cat"
  visible={true}
  width={428}
>
  <PurePortal
    selector="body"
  >
    <Portal
      containerInfo={
        <body>
          <div
            class="cat-modal-container cat-modal-container-appear cat-modal-container-appear-active"
          >
            <div
              class="cat-modal__mask"
            />
            <div
              class="cat-modal__modal-wrapper"
            >
              <div
                class="cat-modal"
                style="width: 428px; transform: translate(-50%, -50%);"
              >
                <div
                  class="cat-modal__header"
                >
                  title
                  <div
                    class="cat-modal__close"
                  >
                    <i
                      class="cat-icon cat-icon-close"
                    />
                  </div>
                </div>
                <div
                  class="cat-modal__body"
                >
                  content
                </div>
                <div
                  class="cat-modal__footer"
                >
                  <button
                    class="cat-button cat-button--default cat-button--square cat-button--md cat-button--padding-md"
                    type="button"
                  >
                    <span
                      class="cat-button__children"
                    >
                      Cancel
                    </span>
                  </button>
                  <button
                    class="cat-button cat-button--primary cat-button--square cat-button--md cat-button--padding-md cat-modal__footer-confirm"
                    type="button"
                  >
                    <span
                      class="cat-button__children"
                    >
                      Confirm
                    </span>
                  </button>
                </div>
              </div>
            </div>
          </div>
          <div
            class="cat-modal-container cat-modal-container-appear cat-modal-container-appear-active"
          >
            <div
              class="cat-modal__modal-wrapper"
            >
              <div
                class="cat-modal"
                style="width: 428px; transform: translate(-50%, -50%);"
              >
                <div
                  class="cat-modal__header"
                >
                  title
                  <div
                    class="cat-modal__close"
                  >
                    <i
                      class="cat-icon cat-icon-close"
                    />
                  </div>
                </div>
                <div
                  class="cat-modal__body"
                >
                  content
                </div>
                <div
                  class="cat-modal__footer"
                >
                  <button
                    class="cat-button cat-button--default cat-button--square cat-button--md cat-button--padding-md"
                    type="button"
                  >
                    <span
                      class="cat-button__children"
                    >
                      Cancel
                    </span>
                  </button>
                  <button
                    class="cat-button cat-button--primary cat-button--square cat-button--md cat-button--padding-md cat-modal__footer-confirm"
                    type="button"
                  >
                    <span
                      class="cat-button__children"
                    >
                      Confirm
                    </span>
                  </button>
                </div>
              </div>
            </div>
          </div>
          <div
            class="cat-modal-container cat-modal-container-appear cat-modal-container-appear-active"
          >
            <div
              class="cat-modal__mask"
            />
            <div
              class="cat-modal__modal-wrapper"
            >
              <div
                class="cat-modal"
                style="width: 428px; transform: translate(-50%, -50%);"
              >
                <div
                  class="cat-modal__header"
                >
                  title
                  <div
                    class="cat-modal__close"
                  >
                    <i
                      class="cat-icon cat-icon-close"
                    />
                  </div>
                </div>
                <div
                  class="cat-modal__body"
                >
                  content
                </div>
                <div
                  class="cat-modal__footer"
                >
                  <div>
                    footer
                  </div>
                </div>
              </div>
            </div>
          </div>
          <div
            class="cat-modal-container cat-modal-container-appear cat-modal-container-appear-active"
          >
            <div
              class="cat-modal__mask"
            />
            <div
              class="cat-modal__modal-wrapper"
            >
              <div
                class="cat-modal"
                style="width: 428px; transform: translate(-50%, -50%);"
              >
                <div
                  class="cat-modal__header"
                >
                  title
                </div>
                <div
                  class="cat-modal__body"
                >
                  content
                </div>
                <div
                  class="cat-modal__footer"
                >
                  <button
                    class="cat-button cat-button--default cat-button--square cat-button--md cat-button--padding-md"
                    type="button"
                  >
                    <span
                      class="cat-button__children"
                    >
                      Cancel
                    </span>
                  </button>
                  <button
                    class="cat-button cat-button--primary cat-button--square cat-button--md cat-button--padding-md cat-modal__footer-confirm"
                    type="button"
                  >
                    <span
                      class="cat-button__children"
                    >
                      Confirm
                    </span>
                  </button>
                </div>
              </div>
            </div>
          </div>
          <div
            class="cat-modal-container cat-modal-container-appear cat-modal-container-appear-active"
          >
            <div
              class="cat-modal__mask"
            />
            <div
              class="cat-modal__modal-wrapper"
            >
              <div
                class="cat-modal"
                style="width: 428px; transform: translate(-50%, -50%);"
              >
                <div
                  class="cat-modal__body"
                >
                  content
                </div>
                <div
                  class="cat-modal__footer"
                >
                  <button
                    class="cat-button cat-button--default cat-button--square cat-button--md cat-button--padding-md"
                    type="button"
                  >
                    <span
                      class="cat-button__children"
                    >
                      Cancel
                    </span>
                  </button>
                  <button
                    class="cat-button cat-button--primary cat-button--square cat-button--md cat-button--padding-md cat-modal__footer-confirm"
                    type="button"
                  >
                    <span
                      class="cat-button__children"
                    >
                      Confirm
                    </span>
                  </button>
                </div>
              </div>
            </div>
          </div>
          <div
            class="cat-modal-container cat-modal-container-appear cat-modal-container-appear-active"
          >
            <div
              class="cat-modal__mask"
            />
            <div
              class="cat-modal__modal-wrapper"
            >
              <div
                class="cat-modal"
                style="width: 500px; transform: translate(-50%, -50%);"
              >
                <div
                  class="cat-modal__body"
                >
                  content
                </div>
                <div
                  class="cat-modal__footer"
                >
                  <button
                    class="cat-button cat-button--default cat-button--square cat-button--md cat-button--padding-md"
                    type="button"
                  >
                    <span
                      class="cat-button__children"
                    >
                      Cancel
                    </span>
                  </button>
                  <button
                    class="cat-button cat-button--primary cat-button--square cat-button--md cat-button--padding-md cat-modal__footer-confirm"
                    type="button"
                  >
                    <span
                      class="cat-button__children"
                    >
                      Confirm
                    </span>
                  </button>
                </div>
              </div>
            </div>
          </div>
        </body>
      }
    >
      <CSSTransition
        appear={true}
        classNames="cat-modal-container"
        in={true}
        mountOnEnter={true}
        timeout={300}
        unmountOnExit={false}
      >
        <Transition
          appear={true}
          enter={true}
          exit={true}
          in={true}
          mountOnEnter={true}
          onEnter={[Function]}
          onEntered={[Function]}
          onEntering={[Function]}
          onExit={[Function]}
          onExited={[Function]}
          onExiting={[Function]}
          timeout={300}
          unmountOnExit={false}
        >
          <div
            className="cat-modal-container"
          >
            <div
              className="cat-modal__mask"
            />
            <div
              className="cat-modal__modal-wrapper"
              onClick={[Function]}
            >
              <div
                className="cat-modal"
                onClick={[Function]}
                style={
                  Object {
                    "transform": "translate(-50%, -50%)",
                    "width": 428,
                  }
                }
              >
                <div
                  className="cat-modal__body"
                >
                  content
                </div>
                <div
                  className="cat-modal__footer"
                >
                  <Button
                    block={false}
                    disabled={false}
                    htmlType="button"
                    loading={false}
                    onClick={[Function]}
                    prefix="cat"
                    shape="square"
                    size="md"
                    type="default"
                  >
                    <button
                      className="cat-button cat-button--default cat-button--square cat-button--md cat-button--padding-md"
                      disabled={false}
                      onClick={[Function]}
                      style={Object {}}
                      type="button"
                    >
                      <span
                        className="cat-button__children"
                      >
                        Cancel
                      </span>
                    </button>
                  </Button>
                  <Button
                    block={false}
                    className="cat-modal__footer-confirm"
                    disabled={false}
                    htmlType="button"
                    loading={false}
                    onClick={[Function]}
                    prefix="cat"
                    shape="square"
                    size="md"
                    type="primary"
                  >
                    <button
                      className="cat-button cat-button--primary cat-button--square cat-button--md cat-button--padding-md cat-modal__footer-confirm"
                      disabled={false}
                      onClick={[Function]}
                      style={Object {}}
                      type="button"
                    >
                      <span
                        className="cat-button__children"
                      >
                        Confirm
                      </span>
                    </button>
                  </Button>
                </div>
              </div>
            </div>
          </div>
        </Transition>
      </CSSTransition>
    </Portal>
  </PurePortal>
</Modal>
`;

exports[`Modal renders correctly 7`] = `
<Modal
  cancelText="Cancel"
  destroyOnClose={false}
  mask={true}
  noCloseIcon={false}
  okText="Confirm"
  prefix="cat"
  style={
    Object {
      "width": 500,
    }
  }
  visible={true}
  width={428}
>
  <PurePortal
    selector="body"
  >
    <Portal
      containerInfo={
        <body>
          <div
            class="cat-modal-container cat-modal-container-appear cat-modal-container-appear-active"
          >
            <div
              class="cat-modal__mask"
            />
            <div
              class="cat-modal__modal-wrapper"
            >
              <div
                class="cat-modal"
                style="width: 428px; transform: translate(-50%, -50%);"
              >
                <div
                  class="cat-modal__header"
                >
                  title
                  <div
                    class="cat-modal__close"
                  >
                    <i
                      class="cat-icon cat-icon-close"
                    />
                  </div>
                </div>
                <div
                  class="cat-modal__body"
                >
                  content
                </div>
                <div
                  class="cat-modal__footer"
                >
                  <button
                    class="cat-button cat-button--default cat-button--square cat-button--md cat-button--padding-md"
                    type="button"
                  >
                    <span
                      class="cat-button__children"
                    >
                      Cancel
                    </span>
                  </button>
                  <button
                    class="cat-button cat-button--primary cat-button--square cat-button--md cat-button--padding-md cat-modal__footer-confirm"
                    type="button"
                  >
                    <span
                      class="cat-button__children"
                    >
                      Confirm
                    </span>
                  </button>
                </div>
              </div>
            </div>
          </div>
          <div
            class="cat-modal-container cat-modal-container-appear cat-modal-container-appear-active"
          >
            <div
              class="cat-modal__modal-wrapper"
            >
              <div
                class="cat-modal"
                style="width: 428px; transform: translate(-50%, -50%);"
              >
                <div
                  class="cat-modal__header"
                >
                  title
                  <div
                    class="cat-modal__close"
                  >
                    <i
                      class="cat-icon cat-icon-close"
                    />
                  </div>
                </div>
                <div
                  class="cat-modal__body"
                >
                  content
                </div>
                <div
                  class="cat-modal__footer"
                >
                  <button
                    class="cat-button cat-button--default cat-button--square cat-button--md cat-button--padding-md"
                    type="button"
                  >
                    <span
                      class="cat-button__children"
                    >
                      Cancel
                    </span>
                  </button>
                  <button
                    class="cat-button cat-button--primary cat-button--square cat-button--md cat-button--padding-md cat-modal__footer-confirm"
                    type="button"
                  >
                    <span
                      class="cat-button__children"
                    >
                      Confirm
                    </span>
                  </button>
                </div>
              </div>
            </div>
          </div>
          <div
            class="cat-modal-container cat-modal-container-appear cat-modal-container-appear-active"
          >
            <div
              class="cat-modal__mask"
            />
            <div
              class="cat-modal__modal-wrapper"
            >
              <div
                class="cat-modal"
                style="width: 428px; transform: translate(-50%, -50%);"
              >
                <div
                  class="cat-modal__header"
                >
                  title
                  <div
                    class="cat-modal__close"
                  >
                    <i
                      class="cat-icon cat-icon-close"
                    />
                  </div>
                </div>
                <div
                  class="cat-modal__body"
                >
                  content
                </div>
                <div
                  class="cat-modal__footer"
                >
                  <div>
                    footer
                  </div>
                </div>
              </div>
            </div>
          </div>
          <div
            class="cat-modal-container cat-modal-container-appear cat-modal-container-appear-active"
          >
            <div
              class="cat-modal__mask"
            />
            <div
              class="cat-modal__modal-wrapper"
            >
              <div
                class="cat-modal"
                style="width: 428px; transform: translate(-50%, -50%);"
              >
                <div
                  class="cat-modal__header"
                >
                  title
                </div>
                <div
                  class="cat-modal__body"
                >
                  content
                </div>
                <div
                  class="cat-modal__footer"
                >
                  <button
                    class="cat-button cat-button--default cat-button--square cat-button--md cat-button--padding-md"
                    type="button"
                  >
                    <span
                      class="cat-button__children"
                    >
                      Cancel
                    </span>
                  </button>
                  <button
                    class="cat-button cat-button--primary cat-button--square cat-button--md cat-button--padding-md cat-modal__footer-confirm"
                    type="button"
                  >
                    <span
                      class="cat-button__children"
                    >
                      Confirm
                    </span>
                  </button>
                </div>
              </div>
            </div>
          </div>
          <div
            class="cat-modal-container cat-modal-container-appear cat-modal-container-appear-active"
          >
            <div
              class="cat-modal__mask"
            />
            <div
              class="cat-modal__modal-wrapper"
            >
              <div
                class="cat-modal"
                style="width: 428px; transform: translate(-50%, -50%);"
              >
                <div
                  class="cat-modal__body"
                >
                  content
                </div>
                <div
                  class="cat-modal__footer"
                >
                  <button
                    class="cat-button cat-button--default cat-button--square cat-button--md cat-button--padding-md"
                    type="button"
                  >
                    <span
                      class="cat-button__children"
                    >
                      Cancel
                    </span>
                  </button>
                  <button
                    class="cat-button cat-button--primary cat-button--square cat-button--md cat-button--padding-md cat-modal__footer-confirm"
                    type="button"
                  >
                    <span
                      class="cat-button__children"
                    >
                      Confirm
                    </span>
                  </button>
                </div>
              </div>
            </div>
          </div>
          <div
            class="cat-modal-container cat-modal-container-appear cat-modal-container-appear-active"
          >
            <div
              class="cat-modal__mask"
            />
            <div
              class="cat-modal__modal-wrapper"
            >
              <div
                class="cat-modal"
                style="width: 500px; transform: translate(-50%, -50%);"
              >
                <div
                  class="cat-modal__body"
                >
                  content
                </div>
                <div
                  class="cat-modal__footer"
                >
                  <button
                    class="cat-button cat-button--default cat-button--square cat-button--md cat-button--padding-md"
                    type="button"
                  >
                    <span
                      class="cat-button__children"
                    >
                      Cancel
                    </span>
                  </button>
                  <button
                    class="cat-button cat-button--primary cat-button--square cat-button--md cat-button--padding-md cat-modal__footer-confirm"
                    type="button"
                  >
                    <span
                      class="cat-button__children"
                    >
                      Confirm
                    </span>
                  </button>
                </div>
              </div>
            </div>
          </div>
        </body>
      }
    >
      <CSSTransition
        appear={true}
        classNames="cat-modal-container"
        in={true}
        mountOnEnter={true}
        timeout={300}
        unmountOnExit={false}
      >
        <Transition
          appear={true}
          enter={true}
          exit={true}
          in={true}
          mountOnEnter={true}
          onEnter={[Function]}
          onEntered={[Function]}
          onEntering={[Function]}
          onExit={[Function]}
          onExited={[Function]}
          onExiting={[Function]}
          timeout={300}
          unmountOnExit={false}
        >
          <div
            className="cat-modal-container"
          >
            <div
              className="cat-modal__mask"
            />
            <div
              className="cat-modal__modal-wrapper"
              onClick={[Function]}
            >
              <div
                className="cat-modal"
                onClick={[Function]}
                style={
                  Object {
                    "transform": "translate(-50%, -50%)",
                    "width": 500,
                  }
                }
              >
                <div
                  className="cat-modal__body"
                >
                  content
                </div>
                <div
                  className="cat-modal__footer"
                >
                  <Button
                    block={false}
                    disabled={false}
                    htmlType="button"
                    loading={false}
                    onClick={[Function]}
                    prefix="cat"
                    shape="square"
                    size="md"
                    type="default"
                  >
                    <button
                      className="cat-button cat-button--default cat-button--square cat-button--md cat-button--padding-md"
                      disabled={false}
                      onClick={[Function]}
                      style={Object {}}
                      type="button"
                    >
                      <span
                        className="cat-button__children"
                      >
                        Cancel
                      </span>
                    </button>
                  </Button>
                  <Button
                    block={false}
                    className="cat-modal__footer-confirm"
                    disabled={false}
                    htmlType="button"
                    loading={false}
                    onClick={[Function]}
                    prefix="cat"
                    shape="square"
                    size="md"
                    type="primary"
                  >
                    <button
                      className="cat-button cat-button--primary cat-button--square cat-button--md cat-button--padding-md cat-modal__footer-confirm"
                      disabled={false}
                      onClick={[Function]}
                      style={Object {}}
                      type="button"
                    >
                      <span
                        className="cat-button__children"
                      >
                        Confirm
                      </span>
                    </button>
                  </Button>
                </div>
              </div>
            </div>
          </div>
        </Transition>
      </CSSTransition>
    </Portal>
  </PurePortal>
</Modal>
`;
