// Jest Snapshot v1, https://goo.gl/fbAQLP

exports[`Switch renders correctly 1`] = `
<Switch
  autoFocus={false}
  defaultChecked={false}
  disabled={false}
  onChange={[Function]}
  prefix="cat"
>
  <button
    aria-checked={false}
    autoFocus={false}
    className="cat-switch"
    defaultChecked={false}
    disabled={false}
    onClick={[Function]}
    onKeyDown={[Function]}
    onMouseUp={[Function]}
    role="switch"
    type="button"
  >
    <span
      className="cat-switch__inner"
    />
  </button>
</Switch>
`;
