// Jest Snapshot v1, https://goo.gl/fbAQLP

exports[`Form renders correctly 1`] = `
initialize {
  "0": Object {
    "attribs": Object {
      "class": "hmly-form sc-bdVaJa bDWFJH",
    },
    "children": Array [
      Object {
        "attribs": Object {
          "class": "hmly-form-item sc-bwzfXH itJuZA",
        },
        "children": Array [
          Object {
            "attribs": Object {
              "class": "hmly-form-label-required sc-htpNat eKVxxj",
              "width": "200px",
            },
            "children": Array [
              Object {
                "attribs": Object {
                  "class": "sc-ifAKCX cFlEyZ",
                },
                "children": Array [
                  Object {
                    "data": "field1",
                    "next": Object {
                      "attribs": Object {
                        "class": "hmly-popover sc-gZMcBi VIFGE",
                      },
                      "children": Array [
                        Object {
                          "attribs": Object {
                            "class": "hmly-popover sc-gqjmRU hnZXkc",
                          },
                          "children": Array [
                            Object {
                              "attribs": Object {
                                "class": "hmly-tooltip-trigger sc-dnqmqq bDsesi",
                              },
                              "children": Array [
                                Object {
                                  "attribs": Object {
                                    "class": "hmly-icon hmly-icon-question-circle sc-htoDjs kXUqvw",
                                  },
                                  "children": Array [],
                                  "name": "i",
                                  "namespace": "http://www.w3.org/1999/xhtml",
                                  "next": null,
                                  "parent": [Circular],
                                  "prev": null,
                                  "type": "tag",
                                  "x-attribsNamespace": Object {
                                    "class": undefined,
                                  },
                                  "x-attribsPrefix": Object {
                                    "class": undefined,
                                  },
                                },
                              ],
                              "name": "div",
                              "namespace": "http://www.w3.org/1999/xhtml",
                              "next": null,
                              "parent": [Circular],
                              "prev": null,
                              "type": "tag",
                              "x-attribsNamespace": Object {
                                "class": undefined,
                              },
                              "x-attribsPrefix": Object {
                                "class": undefined,
                              },
                            },
                          ],
                          "name": "div",
                          "namespace": "http://www.w3.org/1999/xhtml",
                          "next": null,
                          "parent": [Circular],
                          "prev": null,
                          "type": "tag",
                          "x-attribsNamespace": Object {
                            "class": undefined,
                          },
                          "x-attribsPrefix": Object {
                            "class": undefined,
                          },
                        },
                      ],
                      "name": "div",
                      "namespace": "http://www.w3.org/1999/xhtml",
                      "next": null,
                      "parent": [Circular],
                      "prev": [Circular],
                      "type": "tag",
                      "x-attribsNamespace": Object {
                        "class": undefined,
                      },
                      "x-attribsPrefix": Object {
                        "class": undefined,
                      },
                    },
                    "parent": [Circular],
                    "prev": null,
                    "type": "text",
                  },
                  Object {
                    "attribs": Object {
                      "class": "hmly-popover sc-gZMcBi VIFGE",
                    },
                    "children": Array [
                      Object {
                        "attribs": Object {
                          "class": "hmly-popover sc-gqjmRU hnZXkc",
                        },
                        "children": Array [
                          Object {
                            "attribs": Object {
                              "class": "hmly-tooltip-trigger sc-dnqmqq bDsesi",
                            },
                            "children": Array [
                              Object {
                                "attribs": Object {
                                  "class": "hmly-icon hmly-icon-question-circle sc-htoDjs kXUqvw",
                                },
                                "children": Array [],
                                "name": "i",
                                "namespace": "http://www.w3.org/1999/xhtml",
                                "next": null,
                                "parent": [Circular],
                                "prev": null,
                                "type": "tag",
                                "x-attribsNamespace": Object {
                                  "class": undefined,
                                },
                                "x-attribsPrefix": Object {
                                  "class": undefined,
                                },
                              },
                            ],
                            "name": "div",
                            "namespace": "http://www.w3.org/1999/xhtml",
                            "next": null,
                            "parent": [Circular],
                            "prev": null,
                            "type": "tag",
                            "x-attribsNamespace": Object {
                              "class": undefined,
                            },
                            "x-attribsPrefix": Object {
                              "class": undefined,
                            },
                          },
                        ],
                        "name": "div",
                        "namespace": "http://www.w3.org/1999/xhtml",
                        "next": null,
                        "parent": [Circular],
                        "prev": null,
                        "type": "tag",
                        "x-attribsNamespace": Object {
                          "class": undefined,
                        },
                        "x-attribsPrefix": Object {
                          "class": undefined,
                        },
                      },
                    ],
                    "name": "div",
                    "namespace": "http://www.w3.org/1999/xhtml",
                    "next": null,
                    "parent": [Circular],
                    "prev": Object {
                      "data": "field1",
                      "next": [Circular],
                      "parent": [Circular],
                      "prev": null,
                      "type": "text",
                    },
                    "type": "tag",
                    "x-attribsNamespace": Object {
                      "class": undefined,
                    },
                    "x-attribsPrefix": Object {
                      "class": undefined,
                    },
                  },
                ],
                "name": "label",
                "namespace": "http://www.w3.org/1999/xhtml",
                "next": Object {
                  "attribs": Object {
                    "class": "sc-EHOje chAhef",
                  },
                  "children": Array [
                    Object {
                      "data": "How much would you like to charge your fans?",
                      "next": null,
                      "parent": [Circular],
                      "prev": null,
                      "type": "text",
                    },
                  ],
                  "name": "div",
                  "namespace": "http://www.w3.org/1999/xhtml",
                  "next": null,
                  "parent": [Circular],
                  "prev": [Circular],
                  "type": "tag",
                  "x-attribsNamespace": Object {
                    "class": undefined,
                  },
                  "x-attribsPrefix": Object {
                    "class": undefined,
                  },
                },
                "parent": [Circular],
                "prev": null,
                "type": "tag",
                "x-attribsNamespace": Object {
                  "class": undefined,
                },
                "x-attribsPrefix": Object {
                  "class": undefined,
                },
              },
              Object {
                "attribs": Object {
                  "class": "sc-EHOje chAhef",
                },
                "children": Array [
                  Object {
                    "data": "How much would you like to charge your fans?",
                    "next": null,
                    "parent": [Circular],
                    "prev": null,
                    "type": "text",
                  },
                ],
                "name": "div",
                "namespace": "http://www.w3.org/1999/xhtml",
                "next": null,
                "parent": [Circular],
                "prev": Object {
                  "attribs": Object {
                    "class": "sc-ifAKCX cFlEyZ",
                  },
                  "children": Array [
                    Object {
                      "data": "field1",
                      "next": Object {
                        "attribs": Object {
                          "class": "hmly-popover sc-gZMcBi VIFGE",
                        },
                        "children": Array [
                          Object {
                            "attribs": Object {
                              "class": "hmly-popover sc-gqjmRU hnZXkc",
                            },
                            "children": Array [
                              Object {
                                "attribs": Object {
                                  "class": "hmly-tooltip-trigger sc-dnqmqq bDsesi",
                                },
                                "children": Array [
                                  Object {
                                    "attribs": Object {
                                      "class": "hmly-icon hmly-icon-question-circle sc-htoDjs kXUqvw",
                                    },
                                    "children": Array [],
                                    "name": "i",
                                    "namespace": "http://www.w3.org/1999/xhtml",
                                    "next": null,
                                    "parent": [Circular],
                                    "prev": null,
                                    "type": "tag",
                                    "x-attribsNamespace": Object {
                                      "class": undefined,
                                    },
                                    "x-attribsPrefix": Object {
                                      "class": undefined,
                                    },
                                  },
                                ],
                                "name": "div",
                                "namespace": "http://www.w3.org/1999/xhtml",
                                "next": null,
                                "parent": [Circular],
                                "prev": null,
                                "type": "tag",
                                "x-attribsNamespace": Object {
                                  "class": undefined,
                                },
                                "x-attribsPrefix": Object {
                                  "class": undefined,
                                },
                              },
                            ],
                            "name": "div",
                            "namespace": "http://www.w3.org/1999/xhtml",
                            "next": null,
                            "parent": [Circular],
                            "prev": null,
                            "type": "tag",
                            "x-attribsNamespace": Object {
                              "class": undefined,
                            },
                            "x-attribsPrefix": Object {
                              "class": undefined,
                            },
                          },
                        ],
                        "name": "div",
                        "namespace": "http://www.w3.org/1999/xhtml",
                        "next": null,
                        "parent": [Circular],
                        "prev": [Circular],
                        "type": "tag",
                        "x-attribsNamespace": Object {
                          "class": undefined,
                        },
                        "x-attribsPrefix": Object {
                          "class": undefined,
                        },
                      },
                      "parent": [Circular],
                      "prev": null,
                      "type": "text",
                    },
                    Object {
                      "attribs": Object {
                        "class": "hmly-popover sc-gZMcBi VIFGE",
                      },
                      "children": Array [
                        Object {
                          "attribs": Object {
                            "class": "hmly-popover sc-gqjmRU hnZXkc",
                          },
                          "children": Array [
                            Object {
                              "attribs": Object {
                                "class": "hmly-tooltip-trigger sc-dnqmqq bDsesi",
                              },
                              "children": Array [
                                Object {
                                  "attribs": Object {
                                    "class": "hmly-icon hmly-icon-question-circle sc-htoDjs kXUqvw",
                                  },
                                  "children": Array [],
                                  "name": "i",
                                  "namespace": "http://www.w3.org/1999/xhtml",
                                  "next": null,
                                  "parent": [Circular],
                                  "prev": null,
                                  "type": "tag",
                                  "x-attribsNamespace": Object {
                                    "class": undefined,
                                  },
                                  "x-attribsPrefix": Object {
                                    "class": undefined,
                                  },
                                },
                              ],
                              "name": "div",
                              "namespace": "http://www.w3.org/1999/xhtml",
                              "next": null,
                              "parent": [Circular],
                              "prev": null,
                              "type": "tag",
                              "x-attribsNamespace": Object {
                                "class": undefined,
                              },
                              "x-attribsPrefix": Object {
                                "class": undefined,
                              },
                            },
                          ],
                          "name": "div",
                          "namespace": "http://www.w3.org/1999/xhtml",
                          "next": null,
                          "parent": [Circular],
                          "prev": null,
                          "type": "tag",
                          "x-attribsNamespace": Object {
                            "class": undefined,
                          },
                          "x-attribsPrefix": Object {
                            "class": undefined,
                          },
                        },
                      ],
                      "name": "div",
                      "namespace": "http://www.w3.org/1999/xhtml",
                      "next": null,
                      "parent": [Circular],
                      "prev": Object {
                        "data": "field1",
                        "next": [Circular],
                        "parent": [Circular],
                        "prev": null,
                        "type": "text",
                      },
                      "type": "tag",
                      "x-attribsNamespace": Object {
                        "class": undefined,
                      },
                      "x-attribsPrefix": Object {
                        "class": undefined,
                      },
                    },
                  ],
                  "name": "label",
                  "namespace": "http://www.w3.org/1999/xhtml",
                  "next": [Circular],
                  "parent": [Circular],
                  "prev": null,
                  "type": "tag",
                  "x-attribsNamespace": Object {
                    "class": undefined,
                  },
                  "x-attribsPrefix": Object {
                    "class": undefined,
                  },
                },
                "type": "tag",
                "x-attribsNamespace": Object {
                  "class": undefined,
                },
                "x-attribsPrefix": Object {
                  "class": undefined,
                },
              },
            ],
            "name": "div",
            "namespace": "http://www.w3.org/1999/xhtml",
            "next": Object {
              "attribs": Object {
                "class": "sc-bxivhb iaiyeX",
              },
              "children": Array [
                Object {
                  "attribs": Object {
                    "class": "sc-bZQynM bOrPFB",
                  },
                  "children": Array [
                    Object {
                      "attribs": Object {
                        "class": "sc-cSHVUG dULmRO",
                      },
                      "children": Array [
                        Object {
                          "attribs": Object {
                            "class": "sc-kAzzGY jPhEqL",
                          },
                          "children": Array [],
                          "name": "span",
                          "namespace": "http://www.w3.org/1999/xhtml",
                          "next": Object {
                            "attribs": Object {
                              "class": "sc-fjdhpX jywSDd",
                              "placeholder": "",
                              "type": "text",
                              "value": "",
                            },
                            "children": Array [],
                            "name": "input",
                            "namespace": "http://www.w3.org/1999/xhtml",
                            "next": Object {
                              "attribs": Object {
                                "class": "sc-jzJRlG jKlsr",
                              },
                              "children": Array [],
                              "name": "span",
                              "namespace": "http://www.w3.org/1999/xhtml",
                              "next": null,
                              "parent": [Circular],
                              "prev": [Circular],
                              "type": "tag",
                              "x-attribsNamespace": Object {
                                "class": undefined,
                              },
                              "x-attribsPrefix": Object {
                                "class": undefined,
                              },
                            },
                            "parent": [Circular],
                            "prev": [Circular],
                            "type": "tag",
                            "x-attribsNamespace": Object {
                              "class": undefined,
                              "placeholder": undefined,
                              "type": undefined,
                              "value": undefined,
                            },
                            "x-attribsPrefix": Object {
                              "class": undefined,
                              "placeholder": undefined,
                              "type": undefined,
                              "value": undefined,
                            },
                          },
                          "parent": [Circular],
                          "prev": null,
                          "type": "tag",
                          "x-attribsNamespace": Object {
                            "class": undefined,
                          },
                          "x-attribsPrefix": Object {
                            "class": undefined,
                          },
                        },
                        Object {
                          "attribs": Object {
                            "class": "sc-fjdhpX jywSDd",
                            "placeholder": "",
                            "type": "text",
                            "value": "",
                          },
                          "children": Array [],
                          "name": "input",
                          "namespace": "http://www.w3.org/1999/xhtml",
                          "next": Object {
                            "attribs": Object {
                              "class": "sc-jzJRlG jKlsr",
                            },
                            "children": Array [],
                            "name": "span",
                            "namespace": "http://www.w3.org/1999/xhtml",
                            "next": null,
                            "parent": [Circular],
                            "prev": [Circular],
                            "type": "tag",
                            "x-attribsNamespace": Object {
                              "class": undefined,
                            },
                            "x-attribsPrefix": Object {
                              "class": undefined,
                            },
                          },
                          "parent": [Circular],
                          "prev": Object {
                            "attribs": Object {
                              "class": "sc-kAzzGY jPhEqL",
                            },
                            "children": Array [],
                            "name": "span",
                            "namespace": "http://www.w3.org/1999/xhtml",
                            "next": [Circular],
                            "parent": [Circular],
                            "prev": null,
                            "type": "tag",
                            "x-attribsNamespace": Object {
                              "class": undefined,
                            },
                            "x-attribsPrefix": Object {
                              "class": undefined,
                            },
                          },
                          "type": "tag",
                          "x-attribsNamespace": Object {
                            "class": undefined,
                            "placeholder": undefined,
                            "type": undefined,
                            "value": undefined,
                          },
                          "x-attribsPrefix": Object {
                            "class": undefined,
                            "placeholder": undefined,
                            "type": undefined,
                            "value": undefined,
                          },
                        },
                        Object {
                          "attribs": Object {
                            "class": "sc-jzJRlG jKlsr",
                          },
                          "children": Array [],
                          "name": "span",
                          "namespace": "http://www.w3.org/1999/xhtml",
                          "next": null,
                          "parent": [Circular],
                          "prev": Object {
                            "attribs": Object {
                              "class": "sc-fjdhpX jywSDd",
                              "placeholder": "",
                              "type": "text",
                              "value": "",
                            },
                            "children": Array [],
                            "name": "input",
                            "namespace": "http://www.w3.org/1999/xhtml",
                            "next": [Circular],
                            "parent": [Circular],
                            "prev": Object {
                              "attribs": Object {
                                "class": "sc-kAzzGY jPhEqL",
                              },
                              "children": Array [],
                              "name": "span",
                              "namespace": "http://www.w3.org/1999/xhtml",
                              "next": [Circular],
                              "parent": [Circular],
                              "prev": null,
                              "type": "tag",
                              "x-attribsNamespace": Object {
                                "class": undefined,
                              },
                              "x-attribsPrefix": Object {
                                "class": undefined,
                              },
                            },
                            "type": "tag",
                            "x-attribsNamespace": Object {
                              "class": undefined,
                              "placeholder": undefined,
                              "type": undefined,
                              "value": undefined,
                            },
                            "x-attribsPrefix": Object {
                              "class": undefined,
                              "placeholder": undefined,
                              "type": undefined,
                              "value": undefined,
                            },
                          },
                          "type": "tag",
                          "x-attribsNamespace": Object {
                            "class": undefined,
                          },
                          "x-attribsPrefix": Object {
                            "class": undefined,
                          },
                        },
                      ],
                      "name": "div",
                      "namespace": "http://www.w3.org/1999/xhtml",
                      "next": null,
                      "parent": [Circular],
                      "prev": null,
                      "type": "tag",
                      "x-attribsNamespace": Object {
                        "class": undefined,
                      },
                      "x-attribsPrefix": Object {
                        "class": undefined,
                      },
                    },
                  ],
                  "name": "div",
                  "namespace": "http://www.w3.org/1999/xhtml",
                  "next": null,
                  "parent": [Circular],
                  "prev": null,
                  "type": "tag",
                  "x-attribsNamespace": Object {
                    "class": undefined,
                  },
                  "x-attribsPrefix": Object {
                    "class": undefined,
                  },
                },
              ],
              "name": "div",
              "namespace": "http://www.w3.org/1999/xhtml",
              "next": null,
              "parent": [Circular],
              "prev": [Circular],
              "type": "tag",
              "x-attribsNamespace": Object {
                "class": undefined,
              },
              "x-attribsPrefix": Object {
                "class": undefined,
              },
            },
            "parent": [Circular],
            "prev": null,
            "type": "tag",
            "x-attribsNamespace": Object {
              "class": undefined,
              "width": undefined,
            },
            "x-attribsPrefix": Object {
              "class": undefined,
              "width": undefined,
            },
          },
          Object {
            "attribs": Object {
              "class": "sc-bxivhb iaiyeX",
            },
            "children": Array [
              Object {
                "attribs": Object {
                  "class": "sc-bZQynM bOrPFB",
                },
                "children": Array [
                  Object {
                    "attribs": Object {
                      "class": "sc-cSHVUG dULmRO",
                    },
                    "children": Array [
                      Object {
                        "attribs": Object {
                          "class": "sc-kAzzGY jPhEqL",
                        },
                        "children": Array [],
                        "name": "span",
                        "namespace": "http://www.w3.org/1999/xhtml",
                        "next": Object {
                          "attribs": Object {
                            "class": "sc-fjdhpX jywSDd",
                            "placeholder": "",
                            "type": "text",
                            "value": "",
                          },
                          "children": Array [],
                          "name": "input",
                          "namespace": "http://www.w3.org/1999/xhtml",
                          "next": Object {
                            "attribs": Object {
                              "class": "sc-jzJRlG jKlsr",
                            },
                            "children": Array [],
                            "name": "span",
                            "namespace": "http://www.w3.org/1999/xhtml",
                            "next": null,
                            "parent": [Circular],
                            "prev": [Circular],
                            "type": "tag",
                            "x-attribsNamespace": Object {
                              "class": undefined,
                            },
                            "x-attribsPrefix": Object {
                              "class": undefined,
                            },
                          },
                          "parent": [Circular],
                          "prev": [Circular],
                          "type": "tag",
                          "x-attribsNamespace": Object {
                            "class": undefined,
                            "placeholder": undefined,
                            "type": undefined,
                            "value": undefined,
                          },
                          "x-attribsPrefix": Object {
                            "class": undefined,
                            "placeholder": undefined,
                            "type": undefined,
                            "value": undefined,
                          },
                        },
                        "parent": [Circular],
                        "prev": null,
                        "type": "tag",
                        "x-attribsNamespace": Object {
                          "class": undefined,
                        },
                        "x-attribsPrefix": Object {
                          "class": undefined,
                        },
                      },
                      Object {
                        "attribs": Object {
                          "class": "sc-fjdhpX jywSDd",
                          "placeholder": "",
                          "type": "text",
                          "value": "",
                        },
                        "children": Array [],
                        "name": "input",
                        "namespace": "http://www.w3.org/1999/xhtml",
                        "next": Object {
                          "attribs": Object {
                            "class": "sc-jzJRlG jKlsr",
                          },
                          "children": Array [],
                          "name": "span",
                          "namespace": "http://www.w3.org/1999/xhtml",
                          "next": null,
                          "parent": [Circular],
                          "prev": [Circular],
                          "type": "tag",
                          "x-attribsNamespace": Object {
                            "class": undefined,
                          },
                          "x-attribsPrefix": Object {
                            "class": undefined,
                          },
                        },
                        "parent": [Circular],
                        "prev": Object {
                          "attribs": Object {
                            "class": "sc-kAzzGY jPhEqL",
                          },
                          "children": Array [],
                          "name": "span",
                          "namespace": "http://www.w3.org/1999/xhtml",
                          "next": [Circular],
                          "parent": [Circular],
                          "prev": null,
                          "type": "tag",
                          "x-attribsNamespace": Object {
                            "class": undefined,
                          },
                          "x-attribsPrefix": Object {
                            "class": undefined,
                          },
                        },
                        "type": "tag",
                        "x-attribsNamespace": Object {
                          "class": undefined,
                          "placeholder": undefined,
                          "type": undefined,
                          "value": undefined,
                        },
                        "x-attribsPrefix": Object {
                          "class": undefined,
                          "placeholder": undefined,
                          "type": undefined,
                          "value": undefined,
                        },
                      },
                      Object {
                        "attribs": Object {
                          "class": "sc-jzJRlG jKlsr",
                        },
                        "children": Array [],
                        "name": "span",
                        "namespace": "http://www.w3.org/1999/xhtml",
                        "next": null,
                        "parent": [Circular],
                        "prev": Object {
                          "attribs": Object {
                            "class": "sc-fjdhpX jywSDd",
                            "placeholder": "",
                            "type": "text",
                            "value": "",
                          },
                          "children": Array [],
                          "name": "input",
                          "namespace": "http://www.w3.org/1999/xhtml",
                          "next": [Circular],
                          "parent": [Circular],
                          "prev": Object {
                            "attribs": Object {
                              "class": "sc-kAzzGY jPhEqL",
                            },
                            "children": Array [],
                            "name": "span",
                            "namespace": "http://www.w3.org/1999/xhtml",
                            "next": [Circular],
                            "parent": [Circular],
                            "prev": null,
                            "type": "tag",
                            "x-attribsNamespace": Object {
                              "class": undefined,
                            },
                            "x-attribsPrefix": Object {
                              "class": undefined,
                            },
                          },
                          "type": "tag",
                          "x-attribsNamespace": Object {
                            "class": undefined,
                            "placeholder": undefined,
                            "type": undefined,
                            "value": undefined,
                          },
                          "x-attribsPrefix": Object {
                            "class": undefined,
                            "placeholder": undefined,
                            "type": undefined,
                            "value": undefined,
                          },
                        },
                        "type": "tag",
                        "x-attribsNamespace": Object {
                          "class": undefined,
                        },
                        "x-attribsPrefix": Object {
                          "class": undefined,
                        },
                      },
                    ],
                    "name": "div",
                    "namespace": "http://www.w3.org/1999/xhtml",
                    "next": null,
                    "parent": [Circular],
                    "prev": null,
                    "type": "tag",
                    "x-attribsNamespace": Object {
                      "class": undefined,
                    },
                    "x-attribsPrefix": Object {
                      "class": undefined,
                    },
                  },
                ],
                "name": "div",
                "namespace": "http://www.w3.org/1999/xhtml",
                "next": null,
                "parent": [Circular],
                "prev": null,
                "type": "tag",
                "x-attribsNamespace": Object {
                  "class": undefined,
                },
                "x-attribsPrefix": Object {
                  "class": undefined,
                },
              },
            ],
            "name": "div",
            "namespace": "http://www.w3.org/1999/xhtml",
            "next": null,
            "parent": [Circular],
            "prev": Object {
              "attribs": Object {
                "class": "hmly-form-label-required sc-htpNat eKVxxj",
                "width": "200px",
              },
              "children": Array [
                Object {
                  "attribs": Object {
                    "class": "sc-ifAKCX cFlEyZ",
                  },
                  "children": Array [
                    Object {
                      "data": "field1",
                      "next": Object {
                        "attribs": Object {
                          "class": "hmly-popover sc-gZMcBi VIFGE",
                        },
                        "children": Array [
                          Object {
                            "attribs": Object {
                              "class": "hmly-popover sc-gqjmRU hnZXkc",
                            },
                            "children": Array [
                              Object {
                                "attribs": Object {
                                  "class": "hmly-tooltip-trigger sc-dnqmqq bDsesi",
                                },
                                "children": Array [
                                  Object {
                                    "attribs": Object {
                                      "class": "hmly-icon hmly-icon-question-circle sc-htoDjs kXUqvw",
                                    },
                                    "children": Array [],
                                    "name": "i",
                                    "namespace": "http://www.w3.org/1999/xhtml",
                                    "next": null,
                                    "parent": [Circular],
                                    "prev": null,
                                    "type": "tag",
                                    "x-attribsNamespace": Object {
                                      "class": undefined,
                                    },
                                    "x-attribsPrefix": Object {
                                      "class": undefined,
                                    },
                                  },
                                ],
                                "name": "div",
                                "namespace": "http://www.w3.org/1999/xhtml",
                                "next": null,
                                "parent": [Circular],
                                "prev": null,
                                "type": "tag",
                                "x-attribsNamespace": Object {
                                  "class": undefined,
                                },
                                "x-attribsPrefix": Object {
                                  "class": undefined,
                                },
                              },
                            ],
                            "name": "div",
                            "namespace": "http://www.w3.org/1999/xhtml",
                            "next": null,
                            "parent": [Circular],
                            "prev": null,
                            "type": "tag",
                            "x-attribsNamespace": Object {
                              "class": undefined,
                            },
                            "x-attribsPrefix": Object {
                              "class": undefined,
                            },
                          },
                        ],
                        "name": "div",
                        "namespace": "http://www.w3.org/1999/xhtml",
                        "next": null,
                        "parent": [Circular],
                        "prev": [Circular],
                        "type": "tag",
                        "x-attribsNamespace": Object {
                          "class": undefined,
                        },
                        "x-attribsPrefix": Object {
                          "class": undefined,
                        },
                      },
                      "parent": [Circular],
                      "prev": null,
                      "type": "text",
                    },
                    Object {
                      "attribs": Object {
                        "class": "hmly-popover sc-gZMcBi VIFGE",
                      },
                      "children": Array [
                        Object {
                          "attribs": Object {
                            "class": "hmly-popover sc-gqjmRU hnZXkc",
                          },
                          "children": Array [
                            Object {
                              "attribs": Object {
                                "class": "hmly-tooltip-trigger sc-dnqmqq bDsesi",
                              },
                              "children": Array [
                                Object {
                                  "attribs": Object {
                                    "class": "hmly-icon hmly-icon-question-circle sc-htoDjs kXUqvw",
                                  },
                                  "children": Array [],
                                  "name": "i",
                                  "namespace": "http://www.w3.org/1999/xhtml",
                                  "next": null,
                                  "parent": [Circular],
                                  "prev": null,
                                  "type": "tag",
                                  "x-attribsNamespace": Object {
                                    "class": undefined,
                                  },
                                  "x-attribsPrefix": Object {
                                    "class": undefined,
                                  },
                                },
                              ],
                              "name": "div",
                              "namespace": "http://www.w3.org/1999/xhtml",
                              "next": null,
                              "parent": [Circular],
                              "prev": null,
                              "type": "tag",
                              "x-attribsNamespace": Object {
                                "class": undefined,
                              },
                              "x-attribsPrefix": Object {
                                "class": undefined,
                              },
                            },
                          ],
                          "name": "div",
                          "namespace": "http://www.w3.org/1999/xhtml",
                          "next": null,
                          "parent": [Circular],
                          "prev": null,
                          "type": "tag",
                          "x-attribsNamespace": Object {
                            "class": undefined,
                          },
                          "x-attribsPrefix": Object {
                            "class": undefined,
                          },
                        },
                      ],
                      "name": "div",
                      "namespace": "http://www.w3.org/1999/xhtml",
                      "next": null,
                      "parent": [Circular],
                      "prev": Object {
                        "data": "field1",
                        "next": [Circular],
                        "parent": [Circular],
                        "prev": null,
                        "type": "text",
                      },
                      "type": "tag",
                      "x-attribsNamespace": Object {
                        "class": undefined,
                      },
                      "x-attribsPrefix": Object {
                        "class": undefined,
                      },
                    },
                  ],
                  "name": "label",
                  "namespace": "http://www.w3.org/1999/xhtml",
                  "next": Object {
                    "attribs": Object {
                      "class": "sc-EHOje chAhef",
                    },
                    "children": Array [
                      Object {
                        "data": "How much would you like to charge your fans?",
                        "next": null,
                        "parent": [Circular],
                        "prev": null,
                        "type": "text",
                      },
                    ],
                    "name": "div",
                    "namespace": "http://www.w3.org/1999/xhtml",
                    "next": null,
                    "parent": [Circular],
                    "prev": [Circular],
                    "type": "tag",
                    "x-attribsNamespace": Object {
                      "class": undefined,
                    },
                    "x-attribsPrefix": Object {
                      "class": undefined,
                    },
                  },
                  "parent": [Circular],
                  "prev": null,
                  "type": "tag",
                  "x-attribsNamespace": Object {
                    "class": undefined,
                  },
                  "x-attribsPrefix": Object {
                    "class": undefined,
                  },
                },
                Object {
                  "attribs": Object {
                    "class": "sc-EHOje chAhef",
                  },
                  "children": Array [
                    Object {
                      "data": "How much would you like to charge your fans?",
                      "next": null,
                      "parent": [Circular],
                      "prev": null,
                      "type": "text",
                    },
                  ],
                  "name": "div",
                  "namespace": "http://www.w3.org/1999/xhtml",
                  "next": null,
                  "parent": [Circular],
                  "prev": Object {
                    "attribs": Object {
                      "class": "sc-ifAKCX cFlEyZ",
                    },
                    "children": Array [
                      Object {
                        "data": "field1",
                        "next": Object {
                          "attribs": Object {
                            "class": "hmly-popover sc-gZMcBi VIFGE",
                          },
                          "children": Array [
                            Object {
                              "attribs": Object {
                                "class": "hmly-popover sc-gqjmRU hnZXkc",
                              },
                              "children": Array [
                                Object {
                                  "attribs": Object {
                                    "class": "hmly-tooltip-trigger sc-dnqmqq bDsesi",
                                  },
                                  "children": Array [
                                    Object {
                                      "attribs": Object {
                                        "class": "hmly-icon hmly-icon-question-circle sc-htoDjs kXUqvw",
                                      },
                                      "children": Array [],
                                      "name": "i",
                                      "namespace": "http://www.w3.org/1999/xhtml",
                                      "next": null,
                                      "parent": [Circular],
                                      "prev": null,
                                      "type": "tag",
                                      "x-attribsNamespace": Object {
                                        "class": undefined,
                                      },
                                      "x-attribsPrefix": Object {
                                        "class": undefined,
                                      },
                                    },
                                  ],
                                  "name": "div",
                                  "namespace": "http://www.w3.org/1999/xhtml",
                                  "next": null,
                                  "parent": [Circular],
                                  "prev": null,
                                  "type": "tag",
                                  "x-attribsNamespace": Object {
                                    "class": undefined,
                                  },
                                  "x-attribsPrefix": Object {
                                    "class": undefined,
                                  },
                                },
                              ],
                              "name": "div",
                              "namespace": "http://www.w3.org/1999/xhtml",
                              "next": null,
                              "parent": [Circular],
                              "prev": null,
                              "type": "tag",
                              "x-attribsNamespace": Object {
                                "class": undefined,
                              },
                              "x-attribsPrefix": Object {
                                "class": undefined,
                              },
                            },
                          ],
                          "name": "div",
                          "namespace": "http://www.w3.org/1999/xhtml",
                          "next": null,
                          "parent": [Circular],
                          "prev": [Circular],
                          "type": "tag",
                          "x-attribsNamespace": Object {
                            "class": undefined,
                          },
                          "x-attribsPrefix": Object {
                            "class": undefined,
                          },
                        },
                        "parent": [Circular],
                        "prev": null,
                        "type": "text",
                      },
                      Object {
                        "attribs": Object {
                          "class": "hmly-popover sc-gZMcBi VIFGE",
                        },
                        "children": Array [
                          Object {
                            "attribs": Object {
                              "class": "hmly-popover sc-gqjmRU hnZXkc",
                            },
                            "children": Array [
                              Object {
                                "attribs": Object {
                                  "class": "hmly-tooltip-trigger sc-dnqmqq bDsesi",
                                },
                                "children": Array [
                                  Object {
                                    "attribs": Object {
                                      "class": "hmly-icon hmly-icon-question-circle sc-htoDjs kXUqvw",
                                    },
                                    "children": Array [],
                                    "name": "i",
                                    "namespace": "http://www.w3.org/1999/xhtml",
                                    "next": null,
                                    "parent": [Circular],
                                    "prev": null,
                                    "type": "tag",
                                    "x-attribsNamespace": Object {
                                      "class": undefined,
                                    },
                                    "x-attribsPrefix": Object {
                                      "class": undefined,
                                    },
                                  },
                                ],
                                "name": "div",
                                "namespace": "http://www.w3.org/1999/xhtml",
                                "next": null,
                                "parent": [Circular],
                                "prev": null,
                                "type": "tag",
                                "x-attribsNamespace": Object {
                                  "class": undefined,
                                },
                                "x-attribsPrefix": Object {
                                  "class": undefined,
                                },
                              },
                            ],
                            "name": "div",
                            "namespace": "http://www.w3.org/1999/xhtml",
                            "next": null,
                            "parent": [Circular],
                            "prev": null,
                            "type": "tag",
                            "x-attribsNamespace": Object {
                              "class": undefined,
                            },
                            "x-attribsPrefix": Object {
                              "class": undefined,
                            },
                          },
                        ],
                        "name": "div",
                        "namespace": "http://www.w3.org/1999/xhtml",
                        "next": null,
                        "parent": [Circular],
                        "prev": Object {
                          "data": "field1",
                          "next": [Circular],
                          "parent": [Circular],
                          "prev": null,
                          "type": "text",
                        },
                        "type": "tag",
                        "x-attribsNamespace": Object {
                          "class": undefined,
                        },
                        "x-attribsPrefix": Object {
                          "class": undefined,
                        },
                      },
                    ],
                    "name": "label",
                    "namespace": "http://www.w3.org/1999/xhtml",
                    "next": [Circular],
                    "parent": [Circular],
                    "prev": null,
                    "type": "tag",
                    "x-attribsNamespace": Object {
                      "class": undefined,
                    },
                    "x-attribsPrefix": Object {
                      "class": undefined,
                    },
                  },
                  "type": "tag",
                  "x-attribsNamespace": Object {
                    "class": undefined,
                  },
                  "x-attribsPrefix": Object {
                    "class": undefined,
                  },
                },
              ],
              "name": "div",
              "namespace": "http://www.w3.org/1999/xhtml",
              "next": [Circular],
              "parent": [Circular],
              "prev": null,
              "type": "tag",
              "x-attribsNamespace": Object {
                "class": undefined,
                "width": undefined,
              },
              "x-attribsPrefix": Object {
                "class": undefined,
                "width": undefined,
              },
            },
            "type": "tag",
            "x-attribsNamespace": Object {
              "class": undefined,
            },
            "x-attribsPrefix": Object {
              "class": undefined,
            },
          },
        ],
        "name": "div",
        "namespace": "http://www.w3.org/1999/xhtml",
        "next": null,
        "parent": [Circular],
        "prev": null,
        "type": "tag",
        "x-attribsNamespace": Object {
          "class": undefined,
        },
        "x-attribsPrefix": Object {
          "class": undefined,
        },
      },
    ],
    "name": "form",
    "namespace": "http://www.w3.org/1999/xhtml",
    "next": null,
    "parent": null,
    "prev": null,
    "root": Object {
      "attribs": Object {},
      "children": Array [
        [Circular],
      ],
      "name": "root",
      "namespace": "http://www.w3.org/1999/xhtml",
      "next": null,
      "parent": null,
      "prev": null,
      "type": "root",
      "x-attribsNamespace": Object {},
      "x-attribsPrefix": Object {},
    },
    "type": "tag",
    "x-attribsNamespace": Object {
      "class": undefined,
    },
    "x-attribsPrefix": Object {
      "class": undefined,
    },
  },
  "_root": [Circular],
  "length": 1,
  "options": Object {
    "decodeEntities": true,
    "normalizeWhitespace": false,
    "withDomLvl1": true,
    "xml": false,
  },
}
`;
