// Jest Snapshot v1, https://goo.gl/fbAQLP

exports[`Avatar renders src 1`] = `
<span
  className="cat-avatar cat-avatar-square cat-avatar-image"
  prefix="cat-avatar"
  style={Object {}}
>
  <img
    onError={[Function]}
    src="https://raw.githubusercontent.com/sialvsic/static-host/master/public/laptop.png"
  />
</span>
`;
