// Jest Snapshot v1, https://goo.gl/fbAQLP

exports[`Avatar renders correctly 1`] = `
initialize {
  "0": Object {
    "attribs": Object {
      "class": "cat-avatar cat-avatar-image",
      "prefix": "cat-avatar",
    },
    "children": Array [
      Object {
        "attribs": Object {
          "src": "http://cdn.himalaya.com/8c205ad6954541c99f7fd77008ff6479.jpg?x-oss-process=image/resize,w_300,h_300&auth_key=4102416000-1234-0-b5602166a98343b7e7f8f58d645d6d3e",
        },
        "children": Array [],
        "name": "img",
        "namespace": "http://www.w3.org/1999/xhtml",
        "next": null,
        "parent": [Circular],
        "prev": null,
        "type": "tag",
        "x-attribsNamespace": Object {
          "src": undefined,
        },
        "x-attribsPrefix": Object {
          "src": undefined,
        },
      },
    ],
    "name": "span",
    "namespace": "http://www.w3.org/1999/xhtml",
    "next": null,
    "parent": null,
    "prev": null,
    "root": Object {
      "attribs": Object {},
      "children": Array [
        [Circular],
      ],
      "name": "root",
      "namespace": "http://www.w3.org/1999/xhtml",
      "next": null,
      "parent": null,
      "prev": null,
      "type": "root",
      "x-attribsNamespace": Object {},
      "x-attribsPrefix": Object {},
    },
    "type": "tag",
    "x-attribsNamespace": Object {
      "class": undefined,
      "prefix": undefined,
    },
    "x-attribsPrefix": Object {
      "class": undefined,
      "prefix": undefined,
    },
  },
  "_root": [Circular],
  "length": 1,
  "options": Object {
    "decodeEntities": true,
    "normalizeWhitespace": false,
    "withDomLvl1": true,
    "xml": false,
  },
}
`;
